<!DOCTYPE html>
<!-- Generated by pkgdown: do not edit by hand --><html lang="en"><head><meta http-equiv="Content-Type" content="text/html; charset=UTF-8"><meta charset="utf-8"><meta http-equiv="X-UA-Compatible" content="IE=edge"><meta name="viewport" content="width=device-width, initial-scale=1, shrink-to-fit=no"><meta name="description" content="Implements a variety of functions to approximate expected ranks
for partial rankings."><title>Approximation of expected ranks — approx_rank_expected • netrankr</title><!-- favicons --><link rel="icon" type="image/png" sizes="16x16" href="../favicon-16x16.png"><link rel="icon" type="image/png" sizes="32x32" href="../favicon-32x32.png"><link rel="apple-touch-icon" type="image/png" sizes="180x180" href="../apple-touch-icon.png"><link rel="apple-touch-icon" type="image/png" sizes="120x120" href="../apple-touch-icon-120x120.png"><link rel="apple-touch-icon" type="image/png" sizes="76x76" href="../apple-touch-icon-76x76.png"><link rel="apple-touch-icon" type="image/png" sizes="60x60" href="../apple-touch-icon-60x60.png"><script src="../deps/jquery-3.6.0/jquery-3.6.0.min.js"></script><meta name="viewport" content="width=device-width, initial-scale=1, shrink-to-fit=no"><link href="../deps/bootstrap-5.3.1/bootstrap.min.css" rel="stylesheet"><script src="../deps/bootstrap-5.3.1/bootstrap.bundle.min.js"></script><link href="../deps/Roboto-0.4.8/font.css" rel="stylesheet"><link href="../deps/JetBrains_Mono-0.4.8/font.css" rel="stylesheet"><link href="../deps/Roboto_Slab-0.4.8/font.css" rel="stylesheet"><!-- Font Awesome icons --><link rel="stylesheet" href="https://cdnjs.cloudflare.com/ajax/libs/font-awesome/5.12.1/css/all.min.css" integrity="sha256-mmgLkCYLUQbXn0B1SRqzHar6dCnv9oZFPEC1g1cwlkk=" crossorigin="anonymous"><link rel="stylesheet" href="https://cdnjs.cloudflare.com/ajax/libs/font-awesome/5.12.1/css/v4-shims.min.css" integrity="sha256-wZjR52fzng1pJHwx4aV2AO3yyTOXrcDW7jBpJtTwVxw=" crossorigin="anonymous"><!-- bootstrap-toc --><script src="https://cdn.jsdelivr.net/gh/afeld/bootstrap-toc@v1.0.1/dist/bootstrap-toc.min.js" integrity="sha256-4veVQbu7//Lk5TSmc7YV48MxtMy98e26cf5MrgZYnwo=" crossorigin="anonymous"></script><!-- headroom.js --><script src="https://cdnjs.cloudflare.com/ajax/libs/headroom/0.11.0/headroom.min.js" integrity="sha256-AsUX4SJE1+yuDu5+mAVzJbuYNPHj/WroHuZ8Ir/CkE0=" crossorigin="anonymous"></script><script src="https://cdnjs.cloudflare.com/ajax/libs/headroom/0.11.0/jQuery.headroom.min.js" integrity="sha256-ZX/yNShbjqsohH1k95liqY9Gd8uOiE1S4vZc+9KQ1K4=" crossorigin="anonymous"></script><!-- clipboard.js --><script src="https://cdnjs.cloudflare.com/ajax/libs/clipboard.js/2.0.6/clipboard.min.js" integrity="sha256-inc5kl9MA1hkeYUt+EC3BhlIgyp/2jDIyBLS6k3UxPI=" crossorigin="anonymous"></script><!-- search --><script src="https://cdnjs.cloudflare.com/ajax/libs/fuse.js/6.4.6/fuse.js" integrity="sha512-zv6Ywkjyktsohkbp9bb45V6tEMoWhzFzXis+LrMehmJZZSys19Yxf1dopHx7WzIKxr5tK2dVcYmaCk2uqdjF4A==" crossorigin="anonymous"></script><script src="https://cdnjs.cloudflare.com/ajax/libs/autocomplete.js/0.38.0/autocomplete.jquery.min.js" integrity="sha512-GU9ayf+66Xx2TmpxqJpliWbT5PiGYxpaG8rfnBEk1LL8l1KGkRShhngwdXK1UgqhAzWpZHSiYPc09/NwDQIGyg==" crossorigin="anonymous"></script><script src="https://cdnjs.cloudflare.com/ajax/libs/mark.js/8.11.1/mark.min.js" integrity="sha512-5CYOlHXGh6QpOFA/TeTylKLWfB3ftPsde7AnmhuitiTX4K5SqCLBeKro6sPS8ilsz1Q4NRx3v8Ko2IBiszzdww==" crossorigin="anonymous"></script><!-- pkgdown --><script src="../pkgdown.js"></script><meta property="og:title" content="Approximation of expected ranks — approx_rank_expected"><meta property="og:description" content="Implements a variety of functions to approximate expected ranks
for partial rankings."><meta property="og:image" content="https://schochastics.github.io/netrankr/logo.png"><!-- mathjax --><script src="https://cdnjs.cloudflare.com/ajax/libs/mathjax/2.7.5/MathJax.js" integrity="sha256-nvJJv9wWKEm88qvoQl9ekL2J+k/RWIsaSScxxlsrv8k=" crossorigin="anonymous"></script><script src="https://cdnjs.cloudflare.com/ajax/libs/mathjax/2.7.5/config/TeX-AMS-MML_HTMLorMML.js" integrity="sha256-84DKXVJXs0/F8OTMzX4UR909+jtl4G7SPypPavF+GfA=" crossorigin="anonymous"></script><!--[if lt IE 9]>
<script src="https://oss.maxcdn.com/html5shiv/3.7.3/html5shiv.min.js"></script>
<script src="https://oss.maxcdn.com/respond/1.4.2/respond.min.js"></script>
<![endif]--></head><body>
    <a href="#main" class="visually-hidden-focusable">Skip to contents</a>
    

    <nav class="navbar fixed-top navbar-light navbar-expand-lg bg-none"><div class="container">
    
    <a class="navbar-brand me-2" href="../index.html">netrankr</a>

    <small class="nav-text text-muted me-auto" data-bs-toggle="tooltip" data-bs-placement="bottom" title="">1.2.2</small>

    
    <button class="navbar-toggler" type="button" data-bs-toggle="collapse" data-bs-target="#navbar" aria-controls="navbar" aria-expanded="false" aria-label="Toggle navigation">
      <span class="navbar-toggler-icon"></span>
    </button>

    <div id="navbar" class="collapse navbar-collapse ms-3">
      <ul class="navbar-nav me-auto"><li class="nav-item dropdown">
  <a href="#" class="nav-link dropdown-toggle" data-bs-toggle="dropdown" role="button" aria-expanded="false" aria-haspopup="true" id="dropdown-tutorials">Tutorials</a>
  <div class="dropdown-menu" aria-labelledby="dropdown-tutorials">
    <a class="dropdown-item" href="../articles/neighborhood_inclusion.html">Neighborhood-Inclusion</a>
    <a class="dropdown-item" href="../articles/threshold_graph.html">Uniquely Ranked Graphs</a>
    <a class="dropdown-item" href="../articles/positional_dominance.html">Positional Dominance</a>
    <a class="dropdown-item" href="../articles/indirect_relations.html">Indirect Relations in Networks</a>
    <a class="dropdown-item" href="../articles/centrality_indices.html">Centrality Indices</a>
    <a class="dropdown-item" href="../articles/partial_centrality.html">Partial Centrality</a>
    <a class="dropdown-item" href="../articles/probabilistic_cent.html">Probabilistic Centrality</a>
    <div class="dropdown-divider"></div>
    <a class="external-link dropdown-item" href="http://blog.schochastics.net/post/network-centrality-in-r-introduction/">Blog Post I</a>
    <a class="external-link dropdown-item" href="http://blog.schochastics.net/post/network-centrality-in-r-neighborhood-inclusion/">Blog Post II</a>
    <a class="external-link dropdown-item" href="http://blog.schochastics.net/post/network-centrality-in-r-new-ways-of-measuring-centrality/">Blog Post III</a>
  </div>
</li>
<li class="nav-item">
  <a class="nav-link" href="../articles/use_case.html">Use Case</a>
</li>
<li class="nav-item">
  <a class="nav-link" href="../articles/benchmarks.html">Benchmarks</a>
</li>
<li class="nav-item">
  <a class="external-link nav-link" href="http://schochastics.net/sna/periodic.html">Periodic Table</a>
</li>
      </ul><form class="form-inline my-2 my-lg-0" role="search">
        <input type="search" class="form-control me-sm-2" aria-label="Toggle navigation" name="search-input" data-search-index="../search.json" id="search-input" placeholder="Search for" autocomplete="off"></form>

      <ul class="navbar-nav"><li class="nav-item">
  <a class="nav-link" href="../news/index.html">
    <span class="fa fa-newspaper-o"></span>
     
    News
  </a>
</li>
<li class="active nav-item">
  <a class="nav-link" href="../reference/index.html">
    <span class="fa fa-file-code-o"></span>
     
    Functions
  </a>
</li>
<li class="nav-item">
  <a class="external-link nav-link" href="https://github.com/schochastics/netrankr">
    <span class="fa fa-github fa-lg"></span>
     
    Github
  </a>
</li>
      </ul></div>

    
  </div>
</nav><div class="container template-reference-topic">
<div class="row">
  <main id="main" class="col-md-9"><div class="page-header">
      <img src="../logo.png" class="logo" alt=""><h1>Approximation of expected ranks</h1>
      <small class="dont-index">Source: <a href="https://github.com/schochastics/netrankr/blob/HEAD/R/approximate.ranks.R" class="external-link"><code>R/approximate.ranks.R</code></a></small>
      <div class="d-none name"><code>approx_rank_expected.Rd</code></div>
    </div>

    <div class="ref-description section level2">
    <p>Implements a variety of functions to approximate expected ranks
for partial rankings.</p>
    </div>

    <div class="section level2">
    <h2 id="ref-usage">Usage<a class="anchor" aria-label="anchor" href="#ref-usage"></a></h2>
    <div class="sourceCode"><pre class="sourceCode r"><code><span><span class="fu">approx_rank_expected</span><span class="op">(</span><span class="va">P</span>, method <span class="op">=</span> <span class="st">"lpom"</span><span class="op">)</span></span></code></pre></div>
    </div>

    <div class="section level2">
    <h2 id="arguments">Arguments<a class="anchor" aria-label="anchor" href="#arguments"></a></h2>
    <dl><dt>P</dt>
<dd><p>A partial ranking as matrix object calculated with <a href="neighborhood_inclusion.html">neighborhood_inclusion</a>
or <a href="positional_dominance.html">positional_dominance</a>.</p></dd>


<dt>method</dt>
<dd><p>String indicating which method to be used. see Details.</p></dd>

</dl></div>
    <div class="section level2">
    <h2 id="value">Value<a class="anchor" aria-label="anchor" href="#value"></a></h2>
    

<p>A vector containing approximated expected ranks.</p>
    </div>
    <div class="section level2">
    <h2 id="details">Details<a class="anchor" aria-label="anchor" href="#details"></a></h2>
    <p>The <em>method</em> parameter can be set to</p><dl><dt>lpom</dt>
<dd><p>local partial order model</p></dd>

<dt>glpom</dt>
<dd><p>extension of the local partial order model.</p></dd>

<dt>loof1</dt>
<dd><p>based on a connection with relative rank probabilities.</p></dd>

<dt>loof2</dt>
<dd><p>extension of the previous method.</p></dd>


</dl><p>Which of the above methods performs best depends on the structure and size of the partial
ranking. See <code><a href="../articles/benchmarks.html">vignette("benchmarks",package="netrankr")</a></code> for more details.</p>
    </div>
    <div class="section level2">
    <h2 id="references">References<a class="anchor" aria-label="anchor" href="#references"></a></h2>
    <p>Brüggemann R., Simon, U., and Mey,S, 2005. Estimation of averaged
ranks by extended local partial order models. <em>MATCH Commun. Math.
Comput. Chem.</em>, 54:489-518.</p>
<p>Brüggemann, R. and Carlsen, L., 2011. An improved estimation of averaged ranks
of partial orders. <em>MATCH Commun. Math. Comput. Chem.</em>,
65(2):383-414.</p>
<p>De Loof, L., De Baets, B., and De Meyer, H., 2011. Approximation of Average
Ranks in Posets. <em>MATCH Commun. Math. Comput. Chem.</em>, 66:219-229.</p>
    </div>
    <div class="section level2">
    <h2 id="see-also">See also<a class="anchor" aria-label="anchor" href="#see-also"></a></h2>
    <div class="dont-index"><p><a href="approx_rank_relative.html">approx_rank_relative</a>, <a href="exact_rank_prob.html">exact_rank_prob</a>, <a href="mcmc_rank_prob.html">mcmc_rank_prob</a></p></div>
    </div>
    <div class="section level2">
    <h2 id="author">Author<a class="anchor" aria-label="anchor" href="#author"></a></h2>
    <p>David Schoch</p>
    </div>

    <div class="section level2">
    <h2 id="ref-examples">Examples<a class="anchor" aria-label="anchor" href="#ref-examples"></a></h2>
    <div class="sourceCode"><pre class="sourceCode r"><code><span class="r-in"><span><span class="va">P</span> <span class="op">&lt;-</span> <span class="fu"><a href="https://rdrr.io/r/base/matrix.html" class="external-link">matrix</a></span><span class="op">(</span><span class="fu"><a href="https://rdrr.io/r/base/c.html" class="external-link">c</a></span><span class="op">(</span><span class="fl">0</span>, <span class="fl">0</span>, <span class="fl">1</span>, <span class="fl">1</span>, <span class="fl">1</span>, <span class="fl">0</span>, <span class="fl">0</span>, <span class="fl">0</span>, <span class="fl">1</span>, <span class="fl">0</span>, <span class="fl">0</span>, <span class="fl">0</span>, <span class="fl">0</span>, <span class="fl">0</span>, <span class="fl">1</span>, <span class="fu"><a href="https://rdrr.io/r/base/rep.html" class="external-link">rep</a></span><span class="op">(</span><span class="fl">0</span>, <span class="fl">10</span><span class="op">)</span><span class="op">)</span>, <span class="fl">5</span>, <span class="fl">5</span>, byrow <span class="op">=</span> <span class="cn">TRUE</span><span class="op">)</span></span></span>
<span class="r-in"><span><span class="co"># Exact result</span></span></span>
<span class="r-in"><span><span class="fu"><a href="exact_rank_prob.html">exact_rank_prob</a></span><span class="op">(</span><span class="va">P</span><span class="op">)</span><span class="op">$</span><span class="va">expected.rank</span></span></span>
<span class="r-out co"><span class="r-pr">#&gt;</span>       V1       V2       V3       V4       V5 </span>
<span class="r-out co"><span class="r-pr">#&gt;</span> 1.333333 2.111111 2.888889 4.222222 4.444444 </span>
<span class="r-in"><span></span></span>
<span class="r-in"><span><span class="fu">approx_rank_expected</span><span class="op">(</span><span class="va">P</span>, method <span class="op">=</span> <span class="st">"lpom"</span><span class="op">)</span></span></span>
<span class="r-out co"><span class="r-pr">#&gt;</span> [1] 1.2 2.0 3.0 4.5 4.5</span>
<span class="r-in"><span><span class="fu">approx_rank_expected</span><span class="op">(</span><span class="va">P</span>, method <span class="op">=</span> <span class="st">"glpom"</span><span class="op">)</span></span></span>
<span class="r-out co"><span class="r-pr">#&gt;</span> [1] 1.250000 2.166667 2.833333 4.333333 4.416667</span>
</code></pre></div>
    </div>
  </main><aside class="col-md-3"><nav id="toc"><h2>On this page</h2>
    </nav></aside></div>


    <footer><div class="pkgdown-footer-left">
  <p></p><p>Developed by David Schoch.</p>
</div>

<div class="pkgdown-footer-right">
  <p></p><p>Site built with <a href="https://pkgdown.r-lib.org/" class="external-link">pkgdown</a> 2.0.7.</p>
</div>

    </footer></div>

  

  

  </body></html>

