<!-- Generated by pkgdown: do not edit by hand -->
<!DOCTYPE html>
<html>
  <head>
  <meta charset="utf-8">
<meta http-equiv="X-UA-Compatible" content="IE=edge">
<meta name="viewport" content="width=device-width, initial-scale=1.0">

<title>Approximation of expected ranks — approx_rank_expected • netrankr</title>

<!-- jquery -->
<script src="https://code.jquery.com/jquery-3.1.0.min.js" integrity="sha384-nrOSfDHtoPMzJHjVTdCopGqIqeYETSXhZDFyniQ8ZHcVy08QesyHcnOUpMpqnmWq" crossorigin="anonymous"></script>
<!-- Bootstrap -->
<link href="https://maxcdn.bootstrapcdn.com/bootswatch/3.3.7/sandstone/bootstrap.min.css" rel="stylesheet" crossorigin="anonymous">

<script src="https://maxcdn.bootstrapcdn.com/bootstrap/3.3.7/js/bootstrap.min.js" integrity="sha384-Tc5IQib027qvyjSMfHjOMaLkfuWVxZxUPnCJA7l2mCWNIpG9mGCD8wGNIcPD7Txa" crossorigin="anonymous"></script>

<!-- Font Awesome icons -->
<link href="https://maxcdn.bootstrapcdn.com/font-awesome/4.6.3/css/font-awesome.min.css" rel="stylesheet" integrity="sha384-T8Gy5hrqNKT+hzMclPo118YTQO6cYprQmhrYwIiQ/3axmI1hQomh7Ud2hPOy8SP1" crossorigin="anonymous">


<!-- pkgdown -->
<link href="../pkgdown.css" rel="stylesheet">
<script src="../jquery.sticky-kit.min.js"></script>
<script src="../pkgdown.js"></script>
  
  
<!-- mathjax -->
<script src='https://mathjax.rstudio.com/latest/MathJax.js?config=TeX-AMS-MML_HTMLorMML'></script>

<!--[if lt IE 9]>
<script src="https://oss.maxcdn.com/html5shiv/3.7.3/html5shiv.min.js"></script>
<script src="https://oss.maxcdn.com/respond/1.4.2/respond.min.js"></script>
<![endif]-->


  </head>

  <body>
    <div class="container template-reference-topic">
      <header>
      <div class="navbar navbar-default navbar-fixed-top" role="navigation">
  <div class="container">
    <div class="navbar-header">
      <button type="button" class="navbar-toggle collapsed" data-toggle="collapse" data-target="#navbar">
        <span class="icon-bar"></span>
        <span class="icon-bar"></span>
        <span class="icon-bar"></span>
      </button>
      <a class="navbar-brand" href="../index.html">netrankr</a>
    </div>
    <div id="navbar" class="navbar-collapse collapse">
      <ul class="nav navbar-nav">
        <li>
  <a href="../index.html">
    <span class="fa fa-home"></span>
     
  </a>
</li>
<li class="dropdown">
  <a href="#" class="dropdown-toggle" data-toggle="dropdown" role="button" aria-expanded="false">
    How To
     
    <span class="caret"></span>
  </a>
  <ul class="dropdown-menu" role="menu">
    <li>
      <a href="../articles/neighborhood_inclusion.html">Neighborhood-Inclusion</a>
    </li>
    <li>
      <a href="../articles/threshold_graph.html">Uniquely Ranked Graphs</a>
    </li>
    <li>
      <a href="../articles/positional_dominance.html">Positional Dominance</a>
    </li>
    <li>
      <a href="../articles/indirect_relations.html">Indirect Relations in Networks</a>
    </li>
    <li>
      <a href="../articles/centrality_indices.html">Centrality Indices</a>
    </li>
    <li>
      <a href="../articles/partial_centrality.html">Partial Centrality</a>
    </li>
    <li>
      <a href="../articles/probabilistic_cent.html">Probabilistic Centrality</a>
    </li>
  </ul>
</li>
<li>
  <a href="../articles/use_case.html">Use Case</a>
</li>
<li>
  <a href="../articles/benchmarks.html">Benchmarks</a>
</li>
<li>
  <a href="http://schochastics.net/sna/periodic.html">Periodic Table</a>
</li>
      </ul>
      
      <ul class="nav navbar-nav navbar-right">
        <li>
  <a href="../news/index.html">
    <span class="fa fa-newspaper-o"></span>
     
    news
  </a>
</li>
<li>
  <a href="../reference/index.html">
    <span class="fa fa-file-code-o"></span>
     
    functions
  </a>
</li>
<li>
  <a href="https://github.com/schochastics/netrankr">
    <span class="fa fa-github fa-lg"></span>
     
    github
  </a>
</li>
      </ul>
    </div><!--/.nav-collapse -->
  </div><!--/.container -->
</div><!--/.navbar -->

      
      </header>

      <div class="row">
  <div class="col-md-9 contents">
    <div class="page-header">
    <h1>Approximation of expected ranks</h1>
    </div>

    
    <p>Implements a variety of functions to approximate expected ranks
for partial rankings.</p>
    

    <pre class="usage"><span class='fu'>approx_rank_expected</span>(<span class='no'>P</span>, <span class='kw'>method</span> <span class='kw'>=</span> <span class='st'>"lpom"</span>)</pre>
    
    <h2 class="hasAnchor" id="arguments"><a class="anchor" href="#arguments"></a> Arguments</h2>
    <table class="ref-arguments">
    <colgroup><col class="name" /><col class="desc" /></colgroup>
    <tr>
      <th>P</th>
      <td><p>A partial ranking as matrix object calculated with <a href='neighborhood_inclusion.html'>neighborhood_inclusion</a>
or <a href='positional_dominance.html'>positional_dominance</a>.</p></td>
    </tr>
    <tr>
      <th>method</th>
      <td><p>String indicating which method to be used. see Details.</p></td>
    </tr>
    </table>
    
    <h2 class="hasAnchor" id="value"><a class="anchor" href="#value"></a>Value</h2>

    <p>A vector containing approximated expected ranks.</p>
    
    <h2 class="hasAnchor" id="details"><a class="anchor" href="#details"></a>Details</h2>

    <p>The <em>method</em> parameter can be set to</p><dl class='dl-horizontal'>
<dt>lpom</dt><dd><p>local partial order model</p></dd>
<dt>glpom</dt><dd><p>extension of the local partial order model.</p></dd>
<dt>loof1</dt><dd><p>based on a connection with relative rank probabilities.</p></dd>
<dt>loof2</dt><dd><p>extension of the previous method.</p></dd>
</dl><p>Which of the above methods performs best depends on the structure and size of the partial
ranking. See <code><a href='https://cran.rstudio.com/web/packages/netrankr/vignettes/benchmarks.html'>vignette("benchmarks",package="netrankr")</a></code> for more details.</p>
    
    <h2 class="hasAnchor" id="references"><a class="anchor" href="#references"></a>References</h2>

    <p>Brüggemann R., Simon, U., and Mey,S, 2005. Estimation of averaged
ranks by extended local partial order models. <em>MATCH Commun. Math.
Comput. Chem.</em>, 54:489-518.</p>
<p>Brüggemann, R. and Carlsen, L., 2011. An improved estimation of averaged ranks
of partial orders. <em>MATCH Commun. Math. Comput. Chem.</em>,
65(2):383-414.</p>
<p>De Loof, L., De Baets, B., and De Meyer, H., 2011. Approximation of Average
Ranks in Posets. <em>MATCH Commun. Math. Comput. Chem.</em>, 66:219-229.</p>
    
    <h2 class="hasAnchor" id="see-also"><a class="anchor" href="#see-also"></a>See also</h2>

    <p><a href='approx_rank_relative.html'>approx_rank_relative</a>, <a href='exact_rank_prob.html'>exact_rank_prob</a>, <a href='mcmc_rank_prob.html'>mcmc_rank_prob</a></p>
    

    <h2 class="hasAnchor" id="examples"><a class="anchor" href="#examples"></a>Examples</h2>
    <pre class="examples"><div class='input'><span class='no'>P</span> <span class='kw'>&lt;-</span> <span class='fu'>matrix</span>(<span class='fu'>c</span>(<span class='fl'>0</span>,<span class='fl'>0</span>,<span class='fl'>1</span>,<span class='fl'>1</span>,<span class='fl'>1</span>,<span class='fl'>0</span>,<span class='fl'>0</span>,<span class='fl'>0</span>,<span class='fl'>1</span>,<span class='fl'>0</span>,<span class='fl'>0</span>,<span class='fl'>0</span>,<span class='fl'>0</span>,<span class='fl'>0</span>,<span class='fl'>1</span>,<span class='fu'>rep</span>(<span class='fl'>0</span>,<span class='fl'>10</span>)),<span class='fl'>5</span>,<span class='fl'>5</span>,<span class='kw'>byrow</span><span class='kw'>=</span><span class='fl'>TRUE</span>)
<span class='co'>#Exact result</span>
<span class='fu'><a href='exact_rank_prob.html'>exact_rank_prob</a></span>(<span class='no'>P</span>)$<span class='no'>expected.rank</span></div><div class='output co'>#&gt; [1] 1.333 2.111 2.889 4.222 4.444</div><div class='input'>
<span class='fu'>approx_rank_expected</span>(<span class='no'>P</span>,<span class='kw'>method</span> <span class='kw'>=</span> <span class='st'>'lpom'</span>)</div><div class='output co'>#&gt; [1] 1.2 2.0 3.0 4.5 4.5</div><div class='input'><span class='fu'>approx_rank_expected</span>(<span class='no'>P</span>,<span class='kw'>method</span> <span class='kw'>=</span> <span class='st'>'glpom'</span>)</div><div class='output co'>#&gt; [1] 1.250 2.167 2.833 4.333 4.417</div></pre>
  </div>
  <div class="col-md-3 hidden-xs hidden-sm" id="sidebar">
    <h2>Contents</h2>
    <ul class="nav nav-pills nav-stacked">
      <li><a href="#arguments">Arguments</a></li>
      
      <li><a href="#value">Value</a></li>

      <li><a href="#details">Details</a></li>

      <li><a href="#references">References</a></li>

      <li><a href="#see-also">See also</a></li>
      
      <li><a href="#examples">Examples</a></li>
    </ul>

    <h2>Author</h2>
    
David Schoch

  </div>
</div>

      <footer>
      <div class="copyright">
  <p>Developed by David Schoch.</p>
</div>

<div class="pkgdown">
  <p>Site built with <a href="http://hadley.github.io/pkgdown/">pkgdown</a>.</p>
</div>

      </footer>
   </div>

  </body>
</html>
